\BOOKMARK [0][-]{section*.4}{\376\377\000L\000i\000s\000t\000\040\000o\000f\000\040\000F\000i\000g\000u\000r\000e\000s}{}% 1
\BOOKMARK [0][-]{section*.5}{\376\377\000L\000i\000s\000t\000\040\000o\000f\000\040\000T\000a\000b\000l\000e\000s}{}% 2
\BOOKMARK [0][-]{chapter.6}{\376\377\000I\000n\000t\000r\000o\000d\000u\000c\000t\000i\000o\000n}{}% 3
\BOOKMARK [1][-]{section.7}{\376\377\000C\000o\000m\000m\000u\000n\000i\000t\000y\000\040\000E\000c\000o\000l\000o\000g\000y}{chapter.6}% 4
\BOOKMARK [1][-]{section.8}{\376\377\000C\000o\000m\000m\000u\000n\000i\000t\000i\000e\000s\000\040\000a\000s\000\040\000e\000c\000o\000l\000o\000g\000i\000c\000a\000l\000\040\000n\000e\000t\000w\000o\000r\000k\000s}{chapter.6}% 5
\BOOKMARK [2][-]{subsection.9}{\376\377\000N\000e\000t\000w\000o\000r\000k\000\040\000t\000h\000e\000o\000r\000y}{section.8}% 6
\BOOKMARK [2][-]{subsection.18}{\376\377\000E\000c\000o\000l\000o\000g\000i\000c\000a\000l\000\040\000n\000e\000t\000w\000o\000r\000k\000s\000:\000\040\000b\000r\000i\000e\000f\000\040\000h\000i\000s\000t\000o\000r\000y\000,\000\040\000r\000e\000c\000e\000n\000t\000\040\000d\000e\000v\000e\000l\000o\000p\000m\000e\000n\000t\000s\000\040\000a\000n\000d\000\040\000o\000p\000e\000n\000\040\000q\000u\000e\000s\000t\000i\000o\000n\000s}{section.8}% 7
\BOOKMARK [1][-]{section.22}{\376\377\000O\000b\000j\000e\000c\000t\000i\000v\000e\000s}{chapter.6}% 8
\BOOKMARK [0][-]{chapter.23}{\376\377\000M\000u\000l\000t\000i\000p\000l\000e\000\040\000I\000n\000t\000e\000r\000a\000c\000t\000i\000o\000n\000s\000\040\000N\000e\000t\000w\000o\000r\000k\000s}{}% 9
\BOOKMARK [1][-]{section.25}{\376\377\000C\000o\000m\000m\000u\000n\000i\000t\000y\000\040\000e\000c\000o\000l\000o\000g\000y\000\040\000a\000n\000d\000\040\000n\000e\000t\000w\000o\000r\000k\000\040\000t\000h\000e\000o\000r\000y}{chapter.23}% 10
\BOOKMARK [1][-]{section.26}{\376\377\000M\000u\000l\000t\000i\000p\000l\000e\000\040\000i\000n\000t\000e\000r\000a\000c\000t\000i\000o\000n\000s\000\040\000n\000e\000t\000w\000o\000r\000k\000s\000\040\000i\000n\000\040\000e\000c\000o\000l\000o\000g\000y}{chapter.23}% 11
\BOOKMARK [1][-]{section.27}{\376\377\000E\000x\000p\000a\000n\000d\000e\000d\000\040\000F\000o\000o\000d\000\040\000W\000e\000b\000s}{chapter.23}% 12
\BOOKMARK [1][-]{section.53}{\376\377\000L\000e\000s\000s\000o\000n\000s\000\040\000f\000r\000o\000m\000\040\000t\000h\000e\000\040\000c\000a\000s\000e\000\040\000s\000t\000u\000d\000y}{chapter.23}% 13
\BOOKMARK [1][-]{section.54}{\376\377\000N\000e\000t\000w\000o\000r\000k\000\040\000e\000c\000o\000l\000o\000g\000y\000\040\000m\000o\000v\000i\000n\000g\000\040\000f\000o\000r\000w\000a\000r\000d}{chapter.23}% 14
\BOOKMARK [0][-]{chapter.55}{\376\377\000P\000e\000r\000s\000i\000s\000t\000e\000n\000c\000e\000\040\000a\000n\000d\000\040\000b\000i\000o\000t\000i\000c\000\040\000i\000n\000t\000e\000r\000a\000c\000t\000i\000o\000n\000s}{}% 15
\BOOKMARK [1][-]{section.57}{\376\377\000I\000n\000t\000r\000o\000d\000u\000c\000t\000i\000o\000n}{chapter.55}% 16
\BOOKMARK [1][-]{section.58}{\376\377\000M\000e\000t\000h\000o\000d\000s}{chapter.55}% 17
\BOOKMARK [1][-]{section.70}{\376\377\000R\000e\000s\000u\000l\000t\000s}{chapter.55}% 18
\BOOKMARK [1][-]{section.77}{\376\377\000D\000i\000s\000c\000u\000s\000s\000i\000o\000n}{chapter.55}% 19
\BOOKMARK [1][-]{section.80}{\376\377\000C\000o\000n\000c\000l\000u\000s\000i\000o\000n\000s}{chapter.55}% 20
\BOOKMARK [0][-]{chapter.81}{\376\377\000S\000p\000e\000c\000i\000e\000s\000\040\000A\000b\000u\000n\000d\000a\000n\000c\000e\000\040\000D\000i\000s\000t\000r\000i\000b\000u\000t\000i\000o\000n\000s\000\040\000a\000n\000d\000\040\000t\000r\000o\000p\000h\000i\000c\000\040\000s\000t\000r\000u\000c\000t\000u\000r\000e}{}% 21
\BOOKMARK [1][-]{section.83}{\376\377\000I\000n\000t\000r\000o\000d\000u\000c\000t\000i\000o\000n}{chapter.81}% 22
\BOOKMARK [1][-]{section.96}{\376\377\000R\000e\000s\000u\000l\000t\000s}{chapter.81}% 23
\BOOKMARK [1][-]{section.106}{\376\377\000D\000i\000s\000c\000u\000s\000s\000i\000o\000n}{chapter.81}% 24
\BOOKMARK [1][-]{section.107}{\376\377\000C\000o\000n\000c\000l\000u\000s\000i\000o\000n\000s}{chapter.81}% 25
\BOOKMARK [0][-]{chapter.108}{\376\377\000S\000p\000a\000t\000i\000a\000l\000\040\000p\000r\000o\000p\000a\000g\000a\000t\000i\000o\000n\000\040\000o\000f\000\040\000i\000n\000t\000e\000r\000a\000c\000t\000i\000o\000n\000s}{}% 26
\BOOKMARK [1][-]{section.110}{\376\377\000I\000n\000t\000r\000o\000d\000u\000c\000t\000i\000o\000n}{chapter.108}% 27
\BOOKMARK [1][-]{section.112}{\376\377\000M\000e\000t\000h\000o\000d\000s}{chapter.108}% 28
\BOOKMARK [1][-]{section.121}{\376\377\000R\000e\000s\000u\000l\000t\000s}{chapter.108}% 29
\BOOKMARK [1][-]{section.129}{\376\377\000D\000i\000s\000c\000u\000s\000s\000i\000o\000n}{chapter.108}% 30
\BOOKMARK [1][-]{section.130}{\376\377\000C\000o\000n\000c\000l\000u\000s\000i\000o\000n\000s}{chapter.108}% 31
\BOOKMARK [0][-]{chapter.131}{\376\377\000I\000n\000t\000e\000r\000a\000c\000t\000i\000o\000n\000s\000\040\000a\000n\000d\000\040\000e\000n\000v\000i\000r\000o\000n\000m\000e\000n\000t\000a\000l\000\040\000f\000a\000c\000t\000o\000r\000s}{}% 32
\BOOKMARK [1][-]{section.133}{\376\377\000I\000n\000t\000r\000o\000d\000u\000c\000t\000i\000o\000n}{chapter.131}% 33
\BOOKMARK [2][-]{subsection.134}{\376\377\000N\000o\000n\000-\000r\000e\000s\000o\000u\000r\000c\000e\000\040\000e\000n\000v\000i\000r\000o\000n\000m\000e\000n\000t\000a\000l\000\040\000f\000a\000c\000t\000o\000r\000s}{section.133}% 34
\BOOKMARK [2][-]{subsection.135}{\376\377\000R\000e\000s\000o\000u\000r\000c\000e\000\040\000e\000n\000v\000i\000r\000o\000n\000m\000e\000n\000t\000a\000l\000\040\000f\000a\000c\000t\000o\000r\000s}{section.133}% 35
\BOOKMARK [1][-]{section.137}{\376\377\000M\000e\000t\000h\000o\000d\000s}{chapter.131}% 36
\BOOKMARK [1][-]{section.139}{\376\377\000R\000e\000s\000u\000l\000t\000s}{chapter.131}% 37
\BOOKMARK [1][-]{section.146}{\376\377\000D\000i\000s\000c\000u\000s\000s\000i\000o\000n}{chapter.131}% 38
\BOOKMARK [0][-]{chapter.147}{\376\377\000G\000e\000n\000e\000r\000a\000l\000\040\000d\000i\000s\000c\000u\000s\000s\000i\000o\000n\000\040\000a\000n\000d\000\040\000c\000o\000n\000c\000l\000u\000s\000i\000o\000n\000s}{}% 39
\BOOKMARK [0][-]{chapter*.150}{\376\377\000A\000p\000p\000e\000n\000d\000i\000x\000\040\0002\000.\0001\000:\000\040\000C\000h\000a\000p\000t\000e\000r\000\040\0002\000\040\000-\000\040\000M\000o\000d\000e\000l\000\040\000p\000a\000r\000a\000m\000e\000t\000e\000r\000i\000z\000a\000t\000i\000o\000n\000s}{}% 40
\BOOKMARK [0][-]{chapter*.166}{\376\377\000A\000p\000p\000e\000n\000d\000i\000x\000\040\0002\000.\0002\000:\000\040\000C\000h\000a\000p\000t\000e\000r\000\040\0002\000\040\000-\000\040\000A\000d\000j\000a\000c\000e\000n\000c\000y\000\040\000m\000a\000t\000r\000i\000c\000e\000s}{}% 41
\BOOKMARK [0][-]{chapter*.175}{\376\377\000A\000p\000p\000e\000n\000d\000i\000x\000\040\0002\000.\0003\000:\000\040\000C\000h\000a\000p\000t\000e\000r\000\040\0002\000\040\000-\000\040\000S\000u\000p\000p\000l\000e\000m\000e\000n\000t\000a\000r\000y\000\040\000r\000e\000s\000u\000l\000t\000s}{}% 42
\BOOKMARK [0][-]{chapter*.178}{\376\377\000A\000p\000p\000e\000n\000d\000i\000x\000\040\0003\000.\0001\000:\000\040\000C\000h\000a\000p\000t\000e\000r\000\040\0003\000\040\000-\000\040\000M\000o\000d\000e\000l\000\040\000p\000a\000r\000a\000m\000e\000t\000e\000r\000i\000z\000a\000t\000i\000o\000n}{}% 43
\BOOKMARK [0][-]{chapter*.188}{\376\377\000A\000p\000p\000e\000n\000d\000i\000x\000\040\0003\000.\0002\000:\000\040\000C\000h\000a\000p\000t\000e\000r\000\040\0003\000\040\000-\000\040\000S\000u\000p\000p\000l\000e\000m\000e\000n\000t\000a\000r\000y\000\040\000r\000e\000s\000u\000l\000t\000s}{}% 44
\BOOKMARK [0][-]{chapter*.195}{\376\377\000A\000p\000p\000e\000n\000d\000i\000x\000\040\0003\000.\0003\000:\000\040\000C\000h\000a\000p\000t\000e\000r\000\040\0003\000\040\000-\000\040\000A\000d\000d\000i\000t\000i\000o\000n\000a\000l\000\040\000s\000i\000m\000u\000l\000a\000t\000i\000o\000n\000s}{}% 45
\BOOKMARK [0][-]{chapter*.202}{\376\377\000A\000p\000p\000e\000n\000d\000i\000x\000\040\0003\000.\0004\000:\000\040\000C\000h\000a\000p\000t\000e\000r\000\040\0003\000\040\000-\000\040\000C\000o\000n\000n\000e\000c\000t\000a\000n\000c\000e\000\040\000a\000n\000d\000\040\000i\000n\000t\000e\000r\000a\000c\000t\000i\000o\000n\000\040\000r\000a\000t\000i\000o}{}% 46
\BOOKMARK [0][-]{chapter*.205}{\376\377\000A\000p\000p\000e\000n\000d\000i\000x\000\040\0004\000.\0001\000:\000\040\000C\000h\000a\000p\000t\000e\000r\000\040\0004\000\040\000-\000\040\000S\000u\000p\000p\000l\000e\000m\000e\000n\000t\000a\000r\000y\000\040\000r\000e\000s\000u\000l\000t\000s}{}% 47
\BOOKMARK [0][-]{chapter*.212}{\376\377\000A\000p\000p\000e\000n\000d\000i\000x\000\040\0005\000.\0001\000:\000\040\000C\000h\000a\000p\000t\000e\000r\000\040\0005\000\040\000-\000\040\000S\000u\000p\000p\000l\000e\000m\000e\000n\000t\000a\000r\000y\000\040\000r\000e\000s\000u\000l\000t\000s}{}% 48
\BOOKMARK [0][-]{chapter*.217}{\376\377\000A\000p\000p\000e\000n\000d\000i\000x\000\040\0006\000.\0001\000:\000\040\000C\000h\000a\000p\000t\000e\000r\000\040\0006\000\040\000-\000\040\000P\000h\000y\000s\000i\000o\000l\000o\000g\000i\000c\000a\000l\000\040\000r\000e\000s\000p\000o\000n\000s\000e\000\040\000c\000u\000r\000v\000e\000s}{}% 49
